This is pdfTeX, Version 3.141592653-2.6-1.40.26 (TeX Live 2024) (preloaded format=pdflatex 2024.12.26)  18 OCT 2025 19:47
entering extended mode
 restricted \write18 enabled.
 file:line:error style messages enabled.
 %&-line parsing enabled.
**/Users/shahidkhan/Documents/Acads/image_processing/assignment4/assignment/report/main.tex
(/Users/shahidkhan/Documents/Acads/image_processing/assignment4/assignment/report/main.tex
LaTeX2e <2023-11-01> patch level 1
L3 programming layer <2024-02-20>
(./preamble.tex (/usr/local/texlive/2024/texmf-dist/tex/latex/extsizes/extarticle.cls
Document Class: extarticle 1996/10/08 v1.0 Non Standard LaTeX document class
(/usr/local/texlive/2024/texmf-dist/tex/latex/base/size11.clo
File: size11.clo 2023/05/17 v1.4n Standard LaTeX file (size option)
) (/usr/local/texlive/2024/texmf-dist/tex/latex/base/exscale.sty
Package: exscale 2018/09/24 v2.1i Standard LaTeX package exscale
LaTeX Font Info:    Redeclaring symbol font `largesymbols' on input line 57.
LaTeX Font Info:    Overwriting symbol font `largesymbols' in version `normal'
(Font)                  OMX/cmex/m/n --> OMX/cmex/m/n on input line 57.
LaTeX Font Info:    Overwriting symbol font `largesymbols' in version `bold'
(Font)                  OMX/cmex/m/n --> OMX/cmex/m/n on input line 57.
\big@size=\dimen140
)
\c@part=\count188
\c@section=\count189
\c@subsection=\count190
\c@subsubsection=\count191
\c@paragraph=\count192
\c@subparagraph=\count193
\c@figure=\count194
\c@table=\count195
\abovecaptionskip=\skip48
\belowcaptionskip=\skip49
\bibindent=\dimen141
) (/usr/local/texlive/2024/texmf-dist/tex/generic/babel/babel.sty
Package: babel 2024/02/07 v24.2 The Babel package
\babel@savecnt=\count196
\U@D=\dimen142
\l@unhyphenated=\language89
 (/usr/local/texlive/2024/texmf-dist/tex/generic/babel/txtbabel.def)
\bbl@readstream=\read2
\bbl@dirlevel=\count197
 (/usr/local/texlive/2024/texmf-dist/tex/generic/babel-english/english.ldf
Language: english 2017/06/06 v3.3r English support from the babel system
Package babel Info: Hyphen rules for 'canadian' set to \l@english
(babel)             (\language0). Reported on input line 102.
Package babel Info: Hyphen rules for 'australian' set to \l@ukenglish
(babel)             (\language23). Reported on input line 105.
Package babel Info: Hyphen rules for 'newzealand' set to \l@ukenglish
(babel)             (\language23). Reported on input line 108.
)) (/usr/local/texlive/2024/texmf-dist/tex/generic/babel/locale/en/babel-english.tex
Package babel Info: Importing font and identification data for english
(babel)             from babel-en.ini. Reported on input line 11.
) (/usr/local/texlive/2024/texmf-dist/tex/latex/geometry/geometry.sty
Package: geometry 2020/01/02 v5.9 Page Geometry
 (/usr/local/texlive/2024/texmf-dist/tex/latex/graphics/keyval.sty
Package: keyval 2022/05/29 v1.15 key=value parser (DPC)
\KV@toks@=\toks17
) (/usr/local/texlive/2024/texmf-dist/tex/generic/iftex/ifvtex.sty
Package: ifvtex 2019/10/25 v1.7 ifvtex legacy package. Use iftex instead.
 (/usr/local/texlive/2024/texmf-dist/tex/generic/iftex/iftex.sty
Package: iftex 2022/02/03 v1.0f TeX engine tests
))
\Gm@cnth=\count198
\Gm@cntv=\count199
\c@Gm@tempcnt=\count266
\Gm@bindingoffset=\dimen143
\Gm@wd@mp=\dimen144
\Gm@odd@mp=\dimen145
\Gm@even@mp=\dimen146
\Gm@layoutwidth=\dimen147
\Gm@layoutheight=\dimen148
\Gm@layouthoffset=\dimen149
\Gm@layoutvoffset=\dimen150
\Gm@dimlist=\toks18
) (/usr/local/texlive/2024/texmf-dist/tex/latex/jknapltx/mathrsfs.sty
Package: mathrsfs 1996/01/01 Math RSFS package v1.0 (jk)
\symrsfs=\mathgroup4
) (/usr/local/texlive/2024/texmf-dist/tex/latex/amsfonts/amsfonts.sty
Package: amsfonts 2013/01/14 v3.01 Basic AMSFonts support
\@emptytoks=\toks19
\symAMSa=\mathgroup5
\symAMSb=\mathgroup6
LaTeX Font Info:    Redeclaring math symbol \hbar on input line 98.
LaTeX Font Info:    Overwriting math alphabet `\mathfrak' in version `bold'
(Font)                  U/euf/m/n --> U/euf/b/n on input line 106.
) (/usr/local/texlive/2024/texmf-dist/tex/latex/amsmath/amsmath.sty
Package: amsmath 2023/05/13 v2.17o AMS math features
\@mathmargin=\skip50

For additional information on amsmath, use the `?' option.
(/usr/local/texlive/2024/texmf-dist/tex/latex/amsmath/amstext.sty
Package: amstext 2021/08/26 v2.01 AMS text
 (/usr/local/texlive/2024/texmf-dist/tex/latex/amsmath/amsgen.sty
File: amsgen.sty 1999/11/30 v2.0 generic functions
\@emptytoks=\toks20
\ex@=\dimen151
)) (/usr/local/texlive/2024/texmf-dist/tex/latex/amsmath/amsbsy.sty
Package: amsbsy 1999/11/29 v1.2d Bold Symbols
\pmbraise@=\dimen152
) (/usr/local/texlive/2024/texmf-dist/tex/latex/amsmath/amsopn.sty
Package: amsopn 2022/04/08 v2.04 operator names
)
\inf@bad=\count267
LaTeX Info: Redefining \frac on input line 234.
\uproot@=\count268
\leftroot@=\count269
LaTeX Info: Redefining \overline on input line 399.
LaTeX Info: Redefining \colon on input line 410.
\classnum@=\count270
\DOTSCASE@=\count271
LaTeX Info: Redefining \ldots on input line 496.
LaTeX Info: Redefining \dots on input line 499.
LaTeX Info: Redefining \cdots on input line 620.
\Mathstrutbox@=\box51
\strutbox@=\box52
LaTeX Info: Redefining \big on input line 722.
LaTeX Info: Redefining \Big on input line 723.
LaTeX Info: Redefining \bigg on input line 724.
LaTeX Info: Redefining \Bigg on input line 725.
\big@size=\dimen153
LaTeX Font Info:    Redeclaring font encoding OML on input line 743.
LaTeX Font Info:    Redeclaring font encoding OMS on input line 744.
\macc@depth=\count272
LaTeX Info: Redefining \bmod on input line 905.
LaTeX Info: Redefining \pmod on input line 910.
LaTeX Info: Redefining \smash on input line 940.
LaTeX Info: Redefining \relbar on input line 970.
LaTeX Info: Redefining \Relbar on input line 971.
\c@MaxMatrixCols=\count273
\dotsspace@=\muskip16
\c@parentequation=\count274
\dspbrk@lvl=\count275
\tag@help=\toks21
\row@=\count276
\column@=\count277
\maxfields@=\count278
\andhelp@=\toks22
\eqnshift@=\dimen154
\alignsep@=\dimen155
\tagshift@=\dimen156
\tagwidth@=\dimen157
\totwidth@=\dimen158
\lineht@=\dimen159
\@envbody=\toks23
\multlinegap=\skip51
\multlinetaggap=\skip52
\mathdisplay@stack=\toks24
LaTeX Info: Redefining \[ on input line 2953.
LaTeX Info: Redefining \] on input line 2954.
) (/usr/local/texlive/2024/texmf-dist/tex/latex/amscls/amsthm.sty
Package: amsthm 2020/05/29 v2.20.6
\thm@style=\toks25
\thm@bodyfont=\toks26
\thm@headfont=\toks27
\thm@notefont=\toks28
\thm@headpunct=\toks29
\thm@preskip=\skip53
\thm@postskip=\skip54
\thm@headsep=\skip55
\dth@everypar=\toks30
) (/usr/local/texlive/2024/texmf-dist/tex/latex/amsfonts/amssymb.sty
Package: amssymb 2013/01/14 v3.01 AMS font symbols
) (/usr/local/texlive/2024/texmf-dist/tex/latex/physics/physics.sty
Package: physics 
 (/usr/local/texlive/2024/texmf-dist/tex/latex/l3packages/xparse/xparse.sty (/usr/local/texlive/2024/texmf-dist/tex/latex/l3kernel/expl3.sty
Package: expl3 2024-02-20 L3 programming layer (loader) 
 (/usr/local/texlive/2024/texmf-dist/tex/latex/l3backend/l3backend-pdftex.def
File: l3backend-pdftex.def 2024-02-20 L3 backend support: PDF output (pdfTeX)
\l__color_backend_stack_int=\count279
\l__pdf_internal_box=\box53
))
Package: xparse 2024-02-18 L3 Experimental document command parser
)) (/usr/local/texlive/2024/texmf-dist/tex/latex/doublestroke/dsfont.sty
Package: dsfont 1995/08/01 v0.1 Double stroke roman fonts
) (/usr/local/texlive/2024/texmf-dist/tex/latex/esint/esint.sty
Package: esint 
\symlargesymbolsA=\mathgroup7
) (/usr/local/texlive/2024/texmf-dist/tex/latex/float/float.sty
Package: float 2001/11/08 v1.3d Float enhancements (AL)
\c@float@type=\count280
\float@exts=\toks31
\float@box=\box54
\@float@everytoks=\toks32
\@floatcapt=\box55
) (/usr/local/texlive/2024/texmf-dist/tex/latex/tools/enumerate.sty
Package: enumerate 2023/07/04 v3.00 enumerate extensions (DPC)
\@enLab=\toks33
) (/usr/local/texlive/2024/texmf-dist/tex/latex/enumitem/enumitem.sty
Package: enumitem 2019/06/20 v3.9 Customized lists
\labelindent=\skip56
\enit@outerparindent=\dimen160
\enit@toks=\toks34
\enit@inbox=\box56
\enit@count@id=\count281
\enitdp@description=\count282
) (/usr/local/texlive/2024/texmf-dist/tex/latex/framed/framed.sty
Package: framed 2011/10/22 v 0.96: framed or shaded text with page breaks
\OuterFrameSep=\skip57
\fb@frw=\dimen161
\fb@frh=\dimen162
\FrameRule=\dimen163
\FrameSep=\dimen164
) (/usr/local/texlive/2024/texmf-dist/tex/latex/csquotes/csquotes.sty
Package: csquotes 2022-09-14 v5.2n context-sensitive quotations (JAW)
 (/usr/local/texlive/2024/texmf-dist/tex/latex/etoolbox/etoolbox.sty
Package: etoolbox 2020/10/05 v2.5k e-TeX tools for LaTeX (JAW)
\etb@tempcnta=\count283
)
\csq@reset=\count284
\csq@gtype=\count285
\csq@glevel=\count286
\csq@qlevel=\count287
\csq@maxlvl=\count288
\csq@tshold=\count289
\csq@ltx@everypar=\toks35
 (/usr/local/texlive/2024/texmf-dist/tex/latex/csquotes/csquotes.def
File: csquotes.def 2022-09-14 v5.2n csquotes generic definitions (JAW)
)
Package csquotes Info: Trying to load configuration file 'csquotes.cfg'...
Package csquotes Info: ... configuration file loaded successfully.
 (/usr/local/texlive/2024/texmf-dist/tex/latex/csquotes/csquotes.cfg
File: csquotes.cfg 
)) (/usr/local/texlive/2024/texmf-dist/tex/latex/tools/tabularx.sty
Package: tabularx 2023/07/08 v2.11c `tabularx' package (DPC)
 (/usr/local/texlive/2024/texmf-dist/tex/latex/tools/array.sty
Package: array 2023/10/16 v2.5g Tabular extension package (FMi)
\col@sep=\dimen165
\ar@mcellbox=\box57
\extrarowheight=\dimen166
\NC@list=\toks36
\extratabsurround=\skip58
\backup@length=\skip59
\ar@cellbox=\box58
)
\TX@col@width=\dimen167
\TX@old@table=\dimen168
\TX@old@col=\dimen169
\TX@target=\dimen170
\TX@delta=\dimen171
\TX@cols=\count290
\TX@ftn=\toks37
) (/usr/local/texlive/2024/texmf-dist/tex/latex/xcolor/xcolor.sty
Package: xcolor 2023/11/15 v3.01 LaTeX color extensions (UK)
 (/usr/local/texlive/2024/texmf-dist/tex/latex/graphics-cfg/color.cfg
File: color.cfg 2016/01/02 v1.6 sample color configuration
)
Package xcolor Info: Driver file: pdftex.def on input line 274.
 (/usr/local/texlive/2024/texmf-dist/tex/latex/graphics-def/pdftex.def
File: pdftex.def 2022/09/22 v1.2b Graphics/color driver for pdftex
) (/usr/local/texlive/2024/texmf-dist/tex/latex/graphics/mathcolor.ltx)
Package xcolor Info: Model `cmy' substituted by `cmy0' on input line 1350.
Package xcolor Info: Model `hsb' substituted by `rgb' on input line 1354.
Package xcolor Info: Model `RGB' extended on input line 1366.
Package xcolor Info: Model `HTML' substituted by `rgb' on input line 1368.
Package xcolor Info: Model `Hsb' substituted by `hsb' on input line 1369.
Package xcolor Info: Model `tHsb' substituted by `hsb' on input line 1370.
Package xcolor Info: Model `HSB' substituted by `hsb' on input line 1371.
Package xcolor Info: Model `Gray' substituted by `gray' on input line 1372.
Package xcolor Info: Model `wave' substituted by `hsb' on input line 1373.
) (/usr/local/texlive/2024/texmf-dist/tex/latex/tools/multicol.sty
Package: multicol 2023/03/30 v1.9f multicolumn formatting (FMi)
\c@tracingmulticols=\count291
\mult@box=\box59
\multicol@leftmargin=\dimen172
\c@unbalance=\count292
\c@collectmore=\count293
\doublecol@number=\count294
\multicoltolerance=\count295
\multicolpretolerance=\count296
\full@width=\dimen173
\page@free=\dimen174
\premulticols=\dimen175
\postmulticols=\dimen176
\multicolsep=\skip60
\multicolbaselineskip=\skip61
\partial@page=\box60
\last@line=\box61
\mc@boxedresult=\box62
\maxbalancingoverflow=\dimen177
\mult@rightbox=\box63
\mult@grightbox=\box64
\mult@firstbox=\box65
\mult@gfirstbox=\box66
\@tempa=\box67
\@tempa=\box68
\@tempa=\box69
\@tempa=\box70
\@tempa=\box71
\@tempa=\box72
\@tempa=\box73
\@tempa=\box74
\@tempa=\box75
\@tempa=\box76
\@tempa=\box77
\@tempa=\box78
\@tempa=\box79
\@tempa=\box80
\@tempa=\box81
\@tempa=\box82
\@tempa=\box83
\@tempa=\box84
\@tempa=\box85
\@tempa=\box86
\@tempa=\box87
\@tempa=\box88
\@tempa=\box89
\@tempa=\box90
\@tempa=\box91
\@tempa=\box92
\@tempa=\box93
\@tempa=\box94
\@tempa=\box95
\@tempa=\box96
\@tempa=\box97
\@tempa=\box98
\@tempa=\box99
\@tempa=\box100
\@tempa=\box101
\@tempa=\box102
\c@minrows=\count297
\c@columnbadness=\count298
\c@finalcolumnbadness=\count299
\last@try=\dimen178
\multicolovershoot=\dimen179
\multicolundershoot=\dimen180
\mult@nat@firstbox=\box103
\colbreak@box=\box104
\mc@col@check@num=\count300
) (/usr/local/texlive/2024/texmf-dist/tex/latex/caption/subcaption.sty
Package: subcaption 2023/07/28 v1.6b Sub-captions (AR)
 (/usr/local/texlive/2024/texmf-dist/tex/latex/caption/caption.sty
Package: caption 2023/08/05 v3.6o Customizing captions (AR)
 (/usr/local/texlive/2024/texmf-dist/tex/latex/caption/caption3.sty
Package: caption3 2023/07/31 v2.4d caption3 kernel (AR)
\caption@tempdima=\dimen181
\captionmargin=\dimen182
\caption@leftmargin=\dimen183
\caption@rightmargin=\dimen184
\caption@width=\dimen185
\caption@indent=\dimen186
\caption@parindent=\dimen187
\caption@hangindent=\dimen188
Package caption Info: Standard document class detected.
)
\c@caption@flags=\count301
\c@continuedfloat=\count302
Package caption Info: float package is loaded.
)
Package caption Info: New subtype `subfigure' on input line 238.
\c@subfigure=\count303
Package caption Info: New subtype `subtable' on input line 238.
\c@subtable=\count304
) (/usr/local/texlive/2024/texmf-dist/tex/latex/natbib/natbib.sty
Package: natbib 2010/09/13 8.31b (PWD, AO)
\bibhang=\skip62
\bibsep=\skip63
LaTeX Info: Redefining \cite on input line 694.
\c@NAT@ctr=\count305
) (/usr/local/texlive/2024/texmf-dist/tex/latex/hyperref/hyperref.sty
Package: hyperref 2024-01-20 v7.01h Hypertext links for LaTeX
 (/usr/local/texlive/2024/texmf-dist/tex/latex/kvsetkeys/kvsetkeys.sty
Package: kvsetkeys 2022-10-05 v1.19 Key value parser (HO)
) (/usr/local/texlive/2024/texmf-dist/tex/generic/kvdefinekeys/kvdefinekeys.sty
Package: kvdefinekeys 2019-12-19 v1.6 Define keys (HO)
) (/usr/local/texlive/2024/texmf-dist/tex/generic/pdfescape/pdfescape.sty
Package: pdfescape 2019/12/09 v1.15 Implements pdfTeX's escape features (HO)
 (/usr/local/texlive/2024/texmf-dist/tex/generic/ltxcmds/ltxcmds.sty
Package: ltxcmds 2023-12-04 v1.26 LaTeX kernel commands for general use (HO)
) (/usr/local/texlive/2024/texmf-dist/tex/generic/pdftexcmds/pdftexcmds.sty
Package: pdftexcmds 2020-06-27 v0.33 Utility functions of pdfTeX for LuaTeX (HO)
 (/usr/local/texlive/2024/texmf-dist/tex/generic/infwarerr/infwarerr.sty
Package: infwarerr 2019/12/03 v1.5 Providing info/warning/error messages (HO)
)
Package pdftexcmds Info: \pdf@primitive is available.
Package pdftexcmds Info: \pdf@ifprimitive is available.
Package pdftexcmds Info: \pdfdraftmode found.
)) (/usr/local/texlive/2024/texmf-dist/tex/latex/hycolor/hycolor.sty
Package: hycolor 2020-01-27 v1.10 Color options for hyperref/bookmark (HO)
) (/usr/local/texlive/2024/texmf-dist/tex/latex/auxhook/auxhook.sty
Package: auxhook 2019-12-17 v1.6 Hooks for auxiliary files (HO)
) (/usr/local/texlive/2024/texmf-dist/tex/latex/hyperref/nameref.sty
Package: nameref 2023-11-26 v2.56 Cross-referencing by name of section
 (/usr/local/texlive/2024/texmf-dist/tex/latex/refcount/refcount.sty
Package: refcount 2019/12/15 v3.6 Data extraction from label references (HO)
) (/usr/local/texlive/2024/texmf-dist/tex/generic/gettitlestring/gettitlestring.sty
Package: gettitlestring 2019/12/15 v1.6 Cleanup title references (HO)
 (/usr/local/texlive/2024/texmf-dist/tex/latex/kvoptions/kvoptions.sty
Package: kvoptions 2022-06-15 v3.15 Key value format for package options (HO)
))
\c@section@level=\count306
)
\@linkdim=\dimen189
\Hy@linkcounter=\count307
\Hy@pagecounter=\count308
 (/usr/local/texlive/2024/texmf-dist/tex/latex/hyperref/pd1enc.def
File: pd1enc.def 2024-01-20 v7.01h Hyperref: PDFDocEncoding definition (HO)
Now handling font encoding PD1 ...
... no UTF-8 mapping file for font encoding PD1
) (/usr/local/texlive/2024/texmf-dist/tex/generic/intcalc/intcalc.sty
Package: intcalc 2019/12/15 v1.3 Expandable calculations with integers (HO)
)
\Hy@SavedSpaceFactor=\count309
 (/usr/local/texlive/2024/texmf-dist/tex/latex/hyperref/puenc.def
File: puenc.def 2024-01-20 v7.01h Hyperref: PDF Unicode definition (HO)
Now handling font encoding PU ...
... no UTF-8 mapping file for font encoding PU
)
Package hyperref Info: Hyper figures OFF on input line 4179.
Package hyperref Info: Link nesting OFF on input line 4184.
Package hyperref Info: Hyper index ON on input line 4187.
Package hyperref Info: Plain pages OFF on input line 4194.
Package hyperref Info: Backreferencing OFF on input line 4199.
Package hyperref Info: Implicit mode ON; LaTeX internals redefined.
Package hyperref Info: Bookmarks ON on input line 4446.
\c@Hy@tempcnt=\count310
 (/usr/local/texlive/2024/texmf-dist/tex/latex/url/url.sty
\Urlmuskip=\muskip17
Package: url 2013/09/16  ver 3.4  Verb mode for urls, etc.
)
LaTeX Info: Redefining \url on input line 4784.
\XeTeXLinkMargin=\dimen190
 (/usr/local/texlive/2024/texmf-dist/tex/generic/bitset/bitset.sty
Package: bitset 2019/12/09 v1.3 Handle bit-vector datatype (HO)
 (/usr/local/texlive/2024/texmf-dist/tex/generic/bigintcalc/bigintcalc.sty
Package: bigintcalc 2019/12/15 v1.5 Expandable calculations on big integers (HO)
))
\Fld@menulength=\count311
\Field@Width=\dimen191
\Fld@charsize=\dimen192
Package hyperref Info: Hyper figures OFF on input line 6063.
Package hyperref Info: Link nesting OFF on input line 6068.
Package hyperref Info: Hyper index ON on input line 6071.
Package hyperref Info: backreferencing OFF on input line 6078.
Package hyperref Info: Link coloring OFF on input line 6083.
Package hyperref Info: Link coloring with OCG OFF on input line 6088.
Package hyperref Info: PDF/A mode OFF on input line 6093.
 (/usr/local/texlive/2024/texmf-dist/tex/latex/base/atbegshi-ltx.sty
Package: atbegshi-ltx 2021/01/10 v1.0c Emulation of the original atbegshi
package with kernel methods
)
\Hy@abspage=\count312
\c@Item=\count313
\c@Hfootnote=\count314
)
Package hyperref Info: Driver (autodetected): hpdftex.
 (/usr/local/texlive/2024/texmf-dist/tex/latex/hyperref/hpdftex.def
File: hpdftex.def 2024-01-20 v7.01h Hyperref driver for pdfTeX
 (/usr/local/texlive/2024/texmf-dist/tex/latex/base/atveryend-ltx.sty
Package: atveryend-ltx 2020/08/19 v1.0a Emulation of the original atveryend package
with kernel methods
)
\Fld@listcount=\count315
\c@bookmark@seq@number=\count316
 (/usr/local/texlive/2024/texmf-dist/tex/latex/rerunfilecheck/rerunfilecheck.sty
Package: rerunfilecheck 2022-07-10 v1.10 Rerun checks for auxiliary files (HO)
 (/usr/local/texlive/2024/texmf-dist/tex/generic/uniquecounter/uniquecounter.sty
Package: uniquecounter 2019/12/15 v1.4 Provide unlimited unique counter (HO)
)
Package uniquecounter Info: New unique counter `rerunfilecheck' on input line 285.
)
\Hy@SectionHShift=\skip64
)
Package hyperref Info: Option `colorlinks' set `true' on input line 65.
) (./format.tex (/usr/local/texlive/2024/texmf-dist/tex/latex/titlesec/titlesec.sty
Package: titlesec 2023/10/27 v2.16 Sectioning titles
\ttl@box=\box105
\beforetitleunit=\skip65
\aftertitleunit=\skip66
\ttl@plus=\dimen193
\ttl@minus=\dimen194
\ttl@toksa=\toks38
\titlewidth=\dimen195
\titlewidthlast=\dimen196
\titlewidthfirst=\dimen197
) (/usr/local/texlive/2024/texmf-dist/tex/latex/tcolorbox/tcolorbox.sty
Package: tcolorbox 2024/01/10 version 6.2.0 text color boxes
 (/usr/local/texlive/2024/texmf-dist/tex/latex/pgf/basiclayer/pgf.sty (/usr/local/texlive/2024/texmf-dist/tex/latex/pgf/utilities/pgfrcs.sty (/usr/local/texlive/2024/texmf-dist/tex/generic/pgf/utilities/pgfutil-common.tex
\pgfutil@everybye=\toks39
\pgfutil@tempdima=\dimen198
\pgfutil@tempdimb=\dimen199
) (/usr/local/texlive/2024/texmf-dist/tex/generic/pgf/utilities/pgfutil-latex.def
\pgfutil@abb=\box106
) (/usr/local/texlive/2024/texmf-dist/tex/generic/pgf/utilities/pgfrcs.code.tex (/usr/local/texlive/2024/texmf-dist/tex/generic/pgf/pgf.revision.tex)
Package: pgfrcs 2023-01-15 v3.1.10 (3.1.10)
))
Package: pgf 2023-01-15 v3.1.10 (3.1.10)
 (/usr/local/texlive/2024/texmf-dist/tex/latex/pgf/basiclayer/pgfcore.sty (/usr/local/texlive/2024/texmf-dist/tex/latex/graphics/graphicx.sty
Package: graphicx 2021/09/16 v1.2d Enhanced LaTeX Graphics (DPC,SPQR)
 (/usr/local/texlive/2024/texmf-dist/tex/latex/graphics/graphics.sty
Package: graphics 2022/03/10 v1.4e Standard LaTeX Graphics (DPC,SPQR)
 (/usr/local/texlive/2024/texmf-dist/tex/latex/graphics/trig.sty
Package: trig 2021/08/11 v1.11 sin cos tan (DPC)
) (/usr/local/texlive/2024/texmf-dist/tex/latex/graphics-cfg/graphics.cfg
File: graphics.cfg 2016/06/04 v1.11 sample graphics configuration
)
Package graphics Info: Driver file: pdftex.def on input line 107.
)
\Gin@req@height=\dimen256
\Gin@req@width=\dimen257
) (/usr/local/texlive/2024/texmf-dist/tex/latex/pgf/systemlayer/pgfsys.sty (/usr/local/texlive/2024/texmf-dist/tex/generic/pgf/systemlayer/pgfsys.code.tex
Package: pgfsys 2023-01-15 v3.1.10 (3.1.10)
 (/usr/local/texlive/2024/texmf-dist/tex/generic/pgf/utilities/pgfkeys.code.tex
\pgfkeys@pathtoks=\toks40
\pgfkeys@temptoks=\toks41
 (/usr/local/texlive/2024/texmf-dist/tex/generic/pgf/utilities/pgfkeyslibraryfiltered.code.tex
\pgfkeys@tmptoks=\toks42
))
\pgf@x=\dimen258
\pgf@y=\dimen259
\pgf@xa=\dimen260
\pgf@ya=\dimen261
\pgf@xb=\dimen262
\pgf@yb=\dimen263
\pgf@xc=\dimen264
\pgf@yc=\dimen265
\pgf@xd=\dimen266
\pgf@yd=\dimen267
\w@pgf@writea=\write3
\r@pgf@reada=\read3
\c@pgf@counta=\count317
\c@pgf@countb=\count318
\c@pgf@countc=\count319
\c@pgf@countd=\count320
\t@pgf@toka=\toks43
\t@pgf@tokb=\toks44
\t@pgf@tokc=\toks45
\pgf@sys@id@count=\count321
 (/usr/local/texlive/2024/texmf-dist/tex/generic/pgf/systemlayer/pgf.cfg
File: pgf.cfg 2023-01-15 v3.1.10 (3.1.10)
)
Driver file for pgf: pgfsys-pdftex.def
 (/usr/local/texlive/2024/texmf-dist/tex/generic/pgf/systemlayer/pgfsys-pdftex.def
File: pgfsys-pdftex.def 2023-01-15 v3.1.10 (3.1.10)
 (/usr/local/texlive/2024/texmf-dist/tex/generic/pgf/systemlayer/pgfsys-common-pdf.def
File: pgfsys-common-pdf.def 2023-01-15 v3.1.10 (3.1.10)
))) (/usr/local/texlive/2024/texmf-dist/tex/generic/pgf/systemlayer/pgfsyssoftpath.code.tex
File: pgfsyssoftpath.code.tex 2023-01-15 v3.1.10 (3.1.10)
\pgfsyssoftpath@smallbuffer@items=\count322
\pgfsyssoftpath@bigbuffer@items=\count323
) (/usr/local/texlive/2024/texmf-dist/tex/generic/pgf/systemlayer/pgfsysprotocol.code.tex
File: pgfsysprotocol.code.tex 2023-01-15 v3.1.10 (3.1.10)
)) (/usr/local/texlive/2024/texmf-dist/tex/generic/pgf/basiclayer/pgfcore.code.tex
Package: pgfcore 2023-01-15 v3.1.10 (3.1.10)
 (/usr/local/texlive/2024/texmf-dist/tex/generic/pgf/math/pgfmath.code.tex (/usr/local/texlive/2024/texmf-dist/tex/generic/pgf/math/pgfmathutil.code.tex) (/usr/local/texlive/2024/texmf-dist/tex/generic/pgf/math/pgfmathparser.code.tex
\pgfmath@dimen=\dimen268
\pgfmath@count=\count324
\pgfmath@box=\box107
\pgfmath@toks=\toks46
\pgfmath@stack@operand=\toks47
\pgfmath@stack@operation=\toks48
) (/usr/local/texlive/2024/texmf-dist/tex/generic/pgf/math/pgfmathfunctions.code.tex) (/usr/local/texlive/2024/texmf-dist/tex/generic/pgf/math/pgfmathfunctions.basic.code.tex) (/usr/local/texlive/2024/texmf-dist/tex/generic/pgf/math/pgfmathfunctions.trigonometric.code.tex) (/usr/local/texlive/2024/texmf-dist/tex/generic/pgf/math/pgfmathfunctions.random.code.tex) (/usr/local/texlive/2024/texmf-dist/tex/generic/pgf/math/pgfmathfunctions.comparison.code.tex) (/usr/local/texlive/2024/texmf-dist/tex/generic/pgf/math/pgfmathfunctions.base.code.tex) (/usr/local/texlive/2024/texmf-dist/tex/generic/pgf/math/pgfmathfunctions.round.code.tex) (/usr/local/texlive/2024/texmf-dist/tex/generic/pgf/math/pgfmathfunctions.misc.code.tex) (/usr/local/texlive/2024/texmf-dist/tex/generic/pgf/math/pgfmathfunctions.integerarithmetics.code.tex) (/usr/local/texlive/2024/texmf-dist/tex/generic/pgf/math/pgfmathcalc.code.tex) (/usr/local/texlive/2024/texmf-dist/tex/generic/pgf/math/pgfmathfloat.code.tex
\c@pgfmathroundto@lastzeros=\count325
)) (/usr/local/texlive/2024/texmf-dist/tex/generic/pgf/math/pgfint.code.tex) (/usr/local/texlive/2024/texmf-dist/tex/generic/pgf/basiclayer/pgfcorepoints.code.tex
File: pgfcorepoints.code.tex 2023-01-15 v3.1.10 (3.1.10)
\pgf@picminx=\dimen269
\pgf@picmaxx=\dimen270
\pgf@picminy=\dimen271
\pgf@picmaxy=\dimen272
\pgf@pathminx=\dimen273
\pgf@pathmaxx=\dimen274
\pgf@pathminy=\dimen275
\pgf@pathmaxy=\dimen276
\pgf@xx=\dimen277
\pgf@xy=\dimen278
\pgf@yx=\dimen279
\pgf@yy=\dimen280
\pgf@zx=\dimen281
\pgf@zy=\dimen282
) (/usr/local/texlive/2024/texmf-dist/tex/generic/pgf/basiclayer/pgfcorepathconstruct.code.tex
File: pgfcorepathconstruct.code.tex 2023-01-15 v3.1.10 (3.1.10)
\pgf@path@lastx=\dimen283
\pgf@path@lasty=\dimen284
) (/usr/local/texlive/2024/texmf-dist/tex/generic/pgf/basiclayer/pgfcorepathusage.code.tex
File: pgfcorepathusage.code.tex 2023-01-15 v3.1.10 (3.1.10)
\pgf@shorten@end@additional=\dimen285
\pgf@shorten@start@additional=\dimen286
) (/usr/local/texlive/2024/texmf-dist/tex/generic/pgf/basiclayer/pgfcorescopes.code.tex
File: pgfcorescopes.code.tex 2023-01-15 v3.1.10 (3.1.10)
\pgfpic=\box108
\pgf@hbox=\box109
\pgf@layerbox@main=\box110
\pgf@picture@serial@count=\count326
) (/usr/local/texlive/2024/texmf-dist/tex/generic/pgf/basiclayer/pgfcoregraphicstate.code.tex
File: pgfcoregraphicstate.code.tex 2023-01-15 v3.1.10 (3.1.10)
\pgflinewidth=\dimen287
) (/usr/local/texlive/2024/texmf-dist/tex/generic/pgf/basiclayer/pgfcoretransformations.code.tex
File: pgfcoretransformations.code.tex 2023-01-15 v3.1.10 (3.1.10)
\pgf@pt@x=\dimen288
\pgf@pt@y=\dimen289
\pgf@pt@temp=\dimen290
) (/usr/local/texlive/2024/texmf-dist/tex/generic/pgf/basiclayer/pgfcorequick.code.tex
File: pgfcorequick.code.tex 2023-01-15 v3.1.10 (3.1.10)
) (/usr/local/texlive/2024/texmf-dist/tex/generic/pgf/basiclayer/pgfcoreobjects.code.tex
File: pgfcoreobjects.code.tex 2023-01-15 v3.1.10 (3.1.10)
) (/usr/local/texlive/2024/texmf-dist/tex/generic/pgf/basiclayer/pgfcorepathprocessing.code.tex
File: pgfcorepathprocessing.code.tex 2023-01-15 v3.1.10 (3.1.10)
) (/usr/local/texlive/2024/texmf-dist/tex/generic/pgf/basiclayer/pgfcorearrows.code.tex
File: pgfcorearrows.code.tex 2023-01-15 v3.1.10 (3.1.10)
\pgfarrowsep=\dimen291
) (/usr/local/texlive/2024/texmf-dist/tex/generic/pgf/basiclayer/pgfcoreshade.code.tex
File: pgfcoreshade.code.tex 2023-01-15 v3.1.10 (3.1.10)
\pgf@max=\dimen292
\pgf@sys@shading@range@num=\count327
\pgf@shadingcount=\count328
) (/usr/local/texlive/2024/texmf-dist/tex/generic/pgf/basiclayer/pgfcoreimage.code.tex
File: pgfcoreimage.code.tex 2023-01-15 v3.1.10 (3.1.10)
) (/usr/local/texlive/2024/texmf-dist/tex/generic/pgf/basiclayer/pgfcoreexternal.code.tex
File: pgfcoreexternal.code.tex 2023-01-15 v3.1.10 (3.1.10)
\pgfexternal@startupbox=\box111
) (/usr/local/texlive/2024/texmf-dist/tex/generic/pgf/basiclayer/pgfcorelayers.code.tex
File: pgfcorelayers.code.tex 2023-01-15 v3.1.10 (3.1.10)
) (/usr/local/texlive/2024/texmf-dist/tex/generic/pgf/basiclayer/pgfcoretransparency.code.tex
File: pgfcoretransparency.code.tex 2023-01-15 v3.1.10 (3.1.10)
) (/usr/local/texlive/2024/texmf-dist/tex/generic/pgf/basiclayer/pgfcorepatterns.code.tex
File: pgfcorepatterns.code.tex 2023-01-15 v3.1.10 (3.1.10)
) (/usr/local/texlive/2024/texmf-dist/tex/generic/pgf/basiclayer/pgfcorerdf.code.tex
File: pgfcorerdf.code.tex 2023-01-15 v3.1.10 (3.1.10)
))) (/usr/local/texlive/2024/texmf-dist/tex/generic/pgf/modules/pgfmoduleshapes.code.tex
File: pgfmoduleshapes.code.tex 2023-01-15 v3.1.10 (3.1.10)
\pgfnodeparttextbox=\box112
) (/usr/local/texlive/2024/texmf-dist/tex/generic/pgf/modules/pgfmoduleplot.code.tex
File: pgfmoduleplot.code.tex 2023-01-15 v3.1.10 (3.1.10)
) (/usr/local/texlive/2024/texmf-dist/tex/latex/pgf/compatibility/pgfcomp-version-0-65.sty
Package: pgfcomp-version-0-65 2023-01-15 v3.1.10 (3.1.10)
\pgf@nodesepstart=\dimen293
\pgf@nodesepend=\dimen294
) (/usr/local/texlive/2024/texmf-dist/tex/latex/pgf/compatibility/pgfcomp-version-1-18.sty
Package: pgfcomp-version-1-18 2023-01-15 v3.1.10 (3.1.10)
)) (/usr/local/texlive/2024/texmf-dist/tex/latex/tools/verbatim.sty
Package: verbatim 2023-11-06 v1.5v LaTeX2e package for verbatim enhancements
\every@verbatim=\toks49
\verbatim@line=\toks50
\verbatim@in@stream=\read4
) (/usr/local/texlive/2024/texmf-dist/tex/latex/environ/environ.sty
Package: environ 2014/05/04 v0.3 A new way to define environments
 (/usr/local/texlive/2024/texmf-dist/tex/latex/trimspaces/trimspaces.sty
Package: trimspaces 2009/09/17 v1.1 Trim spaces around a token list
))
\tcb@titlebox=\box113
\tcb@upperbox=\box114
\tcb@lowerbox=\box115
\tcb@phantombox=\box116
\c@tcbbreakpart=\count329
\c@tcblayer=\count330
\c@tcolorbox@number=\count331
\l__tcobox_tmpa_box=\box117
\l__tcobox_tmpa_dim=\dimen295
\tcb@temp=\box118
\tcb@temp=\box119
\tcb@temp=\box120
\tcb@temp=\box121
 (/usr/local/texlive/2024/texmf-dist/tex/latex/tcolorbox/tcbraster.code.tex
Library (tcolorbox): 'tcbraster.code.tex' version '6.2.0'
\c@tcbrastercolumn=\count332
\c@tcbrasterrow=\count333
\c@tcbrasternum=\count334
\c@tcbraster=\count335
) (/usr/local/texlive/2024/texmf-dist/tex/latex/tcolorbox/tcbskins.code.tex
Library (tcolorbox): 'tcbskins.code.tex' version '6.2.0'
(/usr/local/texlive/2024/texmf-dist/tex/latex/pgf/frontendlayer/tikz.sty (/usr/local/texlive/2024/texmf-dist/tex/latex/pgf/utilities/pgffor.sty (/usr/local/texlive/2024/texmf-dist/tex/latex/pgf/utilities/pgfkeys.sty (/usr/local/texlive/2024/texmf-dist/tex/generic/pgf/utilities/pgfkeys.code.tex)) (/usr/local/texlive/2024/texmf-dist/tex/latex/pgf/math/pgfmath.sty (/usr/local/texlive/2024/texmf-dist/tex/generic/pgf/math/pgfmath.code.tex)) (/usr/local/texlive/2024/texmf-dist/tex/generic/pgf/utilities/pgffor.code.tex
Package: pgffor 2023-01-15 v3.1.10 (3.1.10)
\pgffor@iter=\dimen296
\pgffor@skip=\dimen297
\pgffor@stack=\toks51
\pgffor@toks=\toks52
)) (/usr/local/texlive/2024/texmf-dist/tex/generic/pgf/frontendlayer/tikz/tikz.code.tex
Package: tikz 2023-01-15 v3.1.10 (3.1.10)
 (/usr/local/texlive/2024/texmf-dist/tex/generic/pgf/libraries/pgflibraryplothandlers.code.tex
File: pgflibraryplothandlers.code.tex 2023-01-15 v3.1.10 (3.1.10)
\pgf@plot@mark@count=\count336
\pgfplotmarksize=\dimen298
)
\tikz@lastx=\dimen299
\tikz@lasty=\dimen300
\tikz@lastxsaved=\dimen301
\tikz@lastysaved=\dimen302
\tikz@lastmovetox=\dimen303
\tikz@lastmovetoy=\dimen304
\tikzleveldistance=\dimen305
\tikzsiblingdistance=\dimen306
\tikz@figbox=\box122
\tikz@figbox@bg=\box123
\tikz@tempbox=\box124
\tikz@tempbox@bg=\box125
\tikztreelevel=\count337
\tikznumberofchildren=\count338
\tikznumberofcurrentchild=\count339
\tikz@fig@count=\count340
 (/usr/local/texlive/2024/texmf-dist/tex/generic/pgf/modules/pgfmodulematrix.code.tex
File: pgfmodulematrix.code.tex 2023-01-15 v3.1.10 (3.1.10)
\pgfmatrixcurrentrow=\count341
\pgfmatrixcurrentcolumn=\count342
\pgf@matrix@numberofcolumns=\count343
)
\tikz@expandcount=\count344
 (/usr/local/texlive/2024/texmf-dist/tex/generic/pgf/frontendlayer/tikz/libraries/tikzlibrarytopaths.code.tex
File: tikzlibrarytopaths.code.tex 2023-01-15 v3.1.10 (3.1.10)
))) (/usr/local/texlive/2024/texmf-dist/tex/latex/tikzfill/tikzfill.image.sty
Package: tikzfill.image 2023/08/08 v1.0.1 Image filling library for TikZ
 (/usr/local/texlive/2024/texmf-dist/tex/latex/tikzfill/tikzfill-common.sty
Package: tikzfill-common 2023/08/08 v1.0.1 Auxiliary code for tikzfill
) (/usr/local/texlive/2024/texmf-dist/tex/latex/tikzfill/tikzlibraryfill.image.code.tex
File: tikzlibraryfill.image.code.tex 2023/08/08 v1.0.1 Image filling library
\l__tikzfill_img_box=\box126
)) (/usr/local/texlive/2024/texmf-dist/tex/latex/tcolorbox/tcbskinsjigsaw.code.tex
Library (tcolorbox): 'tcbskinsjigsaw.code.tex' version '6.2.0'
)) (/usr/local/texlive/2024/texmf-dist/tex/latex/tcolorbox/tcbbreakable.code.tex
Library (tcolorbox): 'tcbbreakable.code.tex' version '6.2.0'
(/usr/local/texlive/2024/texmf-dist/tex/latex/pdfcol/pdfcol.sty
Package: pdfcol 2022-09-21 v1.7 Handle new color stacks for pdfTeX (HO)
)
Package pdfcol Info: New color stack `tcb@breakable' = 1 on input line 23.
\tcb@testbox=\box127
\tcb@totalupperbox=\box128
\tcb@totallowerbox=\box129
) (/usr/local/texlive/2024/texmf-dist/tex/latex/tcolorbox/tcbhooks.code.tex
Library (tcolorbox): 'tcbhooks.code.tex' version '6.2.0'
) (/usr/local/texlive/2024/texmf-dist/tex/latex/tcolorbox/tcbtheorems.code.tex
Library (tcolorbox): 'tcbtheorems.code.tex' version '6.2.0'
) (/usr/local/texlive/2024/texmf-dist/tex/latex/tcolorbox/tcbfitting.code.tex
Library (tcolorbox): 'tcbfitting.code.tex' version '6.2.0'
\tcbfitdim=\dimen307
\tcb@lowerfitdim=\dimen308
\tcb@upperfitdim=\dimen309
\tcb@cur@hbadness=\count345
))
\c@tcb@cnt@Part1=\count346
) (./commands.tex)
Package csquotes Info: Checking for multilingual support...
Package csquotes Info: ... found 'babel' package.
Package csquotes Info: Adjusting default style.
Package csquotes Info: Redefining alias 'default' -> 'english'.
 (./main.aux)
\openout1 = `main.aux'.

LaTeX Font Info:    Checking defaults for OML/cmm/m/it on input line 5.
LaTeX Font Info:    ... okay on input line 5.
LaTeX Font Info:    Checking defaults for OMS/cmsy/m/n on input line 5.
LaTeX Font Info:    ... okay on input line 5.
LaTeX Font Info:    Checking defaults for OT1/cmr/m/n on input line 5.
LaTeX Font Info:    ... okay on input line 5.
LaTeX Font Info:    Checking defaults for T1/cmr/m/n on input line 5.
LaTeX Font Info:    ... okay on input line 5.
LaTeX Font Info:    Checking defaults for TS1/cmr/m/n on input line 5.
LaTeX Font Info:    ... okay on input line 5.
LaTeX Font Info:    Checking defaults for OMX/cmex/m/n on input line 5.
LaTeX Font Info:    ... okay on input line 5.
LaTeX Font Info:    Checking defaults for U/cmr/m/n on input line 5.
LaTeX Font Info:    ... okay on input line 5.
LaTeX Font Info:    Checking defaults for PD1/pdf/m/n on input line 5.
LaTeX Font Info:    ... okay on input line 5.
LaTeX Font Info:    Checking defaults for PU/pdf/m/n on input line 5.
LaTeX Font Info:    ... okay on input line 5.

*geometry* driver: auto-detecting
*geometry* detected driver: pdftex
*geometry* verbose mode - [ preamble ] result:
* driver: pdftex
* paper: letterpaper
* layout: <same size as paper>
* layoutoffset:(h,v)=(0.0pt,0.0pt)
* modes: 
* h-part:(L,W,R)=(72.26999pt, 469.75502pt, 72.26999pt)
* v-part:(T,H,B)=(72.26999pt, 650.43001pt, 72.26999pt)
* \paperwidth=614.295pt
* \paperheight=794.96999pt
* \textwidth=469.75502pt
* \textheight=650.43001pt
* \oddsidemargin=0.0pt
* \evensidemargin=0.0pt
* \topmargin=-37.0pt
* \headheight=12.0pt
* \headsep=25.0pt
* \topskip=11.0pt
* \footskip=30.0pt
* \marginparwidth=59.0pt
* \marginparsep=10.0pt
* \columnsep=10.0pt
* \skip\footins=10.0pt plus 4.0pt minus 2.0pt
* \hoffset=0.0pt
* \voffset=0.0pt
* \mag=1000
* \@twocolumnfalse
* \@twosidefalse
* \@mparswitchfalse
* \@reversemarginfalse
* (1in=72.27pt=25.4mm, 1cm=28.453pt)

(/usr/local/texlive/2024/texmf-dist/tex/context/base/mkii/supp-pdf.mkii
[Loading MPS to PDF converter (version 2006.09.02).]
\scratchcounter=\count347
\scratchdimen=\dimen310
\scratchbox=\box130
\nofMPsegments=\count348
\nofMParguments=\count349
\everyMPshowfont=\toks53
\MPscratchCnt=\count350
\MPscratchDim=\dimen311
\MPnumerator=\count351
\makeMPintoPDFobject=\count352
\everyMPtoPDFconversion=\toks54
) (/usr/local/texlive/2024/texmf-dist/tex/latex/epstopdf-pkg/epstopdf-base.sty
Package: epstopdf-base 2020-01-24 v2.11 Base part for package epstopdf
Package epstopdf-base Info: Redefining graphics rule for `.eps' on input line 485.
 (/usr/local/texlive/2024/texmf-dist/tex/latex/latexconfig/epstopdf-sys.cfg
File: epstopdf-sys.cfg 2010/07/13 v1.3 Configuration of (r)epstopdf for TeX Live
))
Package caption Info: Begin \AtBeginDocument code.
Package caption Info: hyperref package is loaded.
Package caption Info: End \AtBeginDocument code.
Package hyperref Info: Link coloring ON on input line 5.
 (./main.out) (./main.out)
\@outlinefile=\write4
\openout4 = `main.out'.

<../ell715_assg4/01/Compass/Test001/LSB/LSB2.png, id=31, 385.44pt x 319.1925pt>
File: ../ell715_assg4/01/Compass/Test001/LSB/LSB2.png Graphic file (type png)
<use ../ell715_assg4/01/Compass/Test001/LSB/LSB2.png>
Package pdftex.def Info: ../ell715_assg4/01/Compass/Test001/LSB/LSB2.png  used on input line 34.
(pdftex.def)             Requested size: 187.89914pt x 155.60205pt.
<../results_prev/silhouettes/01/Compass/Test001/Silhouette_001.png, id=33, 513.92pt x 425.59pt>
File: ../results_prev/silhouettes/01/Compass/Test001/Silhouette_001.png Graphic file (type png)
<use ../results_prev/silhouettes/01/Compass/Test001/Silhouette_001.png>
Package pdftex.def Info: ../results_prev/silhouettes/01/Compass/Test001/Silhouette_001.png  used on input line 41.
(pdftex.def)             Requested size: 187.89914pt x 155.60205pt.
<../ell715_assg4/01/Piano/Test001/LSB/LSB2.png, id=34, 385.44pt x 319.1925pt>
File: ../ell715_assg4/01/Piano/Test001/LSB/LSB2.png Graphic file (type png)
<use ../ell715_assg4/01/Piano/Test001/LSB/LSB2.png>
Package pdftex.def Info: ../ell715_assg4/01/Piano/Test001/LSB/LSB2.png  used on input line 54.
(pdftex.def)             Requested size: 187.89914pt x 155.60205pt.
<../results_prev/silhouettes/01/Piano/Test001/Silhouette_001.png, id=35, 513.92pt x 425.59pt>
File: ../results_prev/silhouettes/01/Piano/Test001/Silhouette_001.png Graphic file (type png)
<use ../results_prev/silhouettes/01/Piano/Test001/Silhouette_001.png>
Package pdftex.def Info: ../results_prev/silhouettes/01/Piano/Test001/Silhouette_001.png  used on input line 61.
(pdftex.def)             Requested size: 187.89914pt x 155.60205pt.
<../ell715_assg4/01/Push/Test001/LSB/LSB2.png, id=36, 385.44pt x 319.1925pt>
File: ../ell715_assg4/01/Push/Test001/LSB/LSB2.png Graphic file (type png)
<use ../ell715_assg4/01/Push/Test001/LSB/LSB2.png>
Package pdftex.def Info: ../ell715_assg4/01/Push/Test001/LSB/LSB2.png  used on input line 73.
(pdftex.def)             Requested size: 187.89914pt x 155.60205pt.
<../results_prev/silhouettes/01/Push/Test001/Silhouette_001.png, id=37, 513.92pt x 425.59pt>
File: ../results_prev/silhouettes/01/Push/Test001/Silhouette_001.png Graphic file (type png)
<use ../results_prev/silhouettes/01/Push/Test001/Silhouette_001.png>
Package pdftex.def Info: ../results_prev/silhouettes/01/Push/Test001/Silhouette_001.png  used on input line 80.
(pdftex.def)             Requested size: 187.89914pt x 155.60205pt.
 [1

{/usr/local/texlive/2024/texmf-var/fonts/map/pdftex/updmap/pdftex.map} <../ell715_assg4/01/Compass/Test001/LSB/LSB2.png> <../results_prev/silhouettes/01/Compass/Test001/Silhouette_001.png (PNG copy)> <../ell715_assg4/01/Piano/Test001/LSB/LSB2.png> <../results_prev/silhouettes/01/Piano/Test001/Silhouette_001.png (PNG copy)>]
<../ell715_assg4/01/UCDO/Test001/LSB/LSB2.png, id=53, 385.44pt x 319.1925pt>
File: ../ell715_assg4/01/UCDO/Test001/LSB/LSB2.png Graphic file (type png)
<use ../ell715_assg4/01/UCDO/Test001/LSB/LSB2.png>
Package pdftex.def Info: ../ell715_assg4/01/UCDO/Test001/LSB/LSB2.png  used on input line 93.
(pdftex.def)             Requested size: 187.89914pt x 155.60205pt.
<../results_prev/silhouettes/01/UCDO/Test001/Silhouette_001.png, id=54, 513.92pt x 425.59pt>
File: ../results_prev/silhouettes/01/UCDO/Test001/Silhouette_001.png Graphic file (type png)
<use ../results_prev/silhouettes/01/UCDO/Test001/Silhouette_001.png>
Package pdftex.def Info: ../results_prev/silhouettes/01/UCDO/Test001/Silhouette_001.png  used on input line 100.
(pdftex.def)             Requested size: 187.89914pt x 155.60205pt.
LaTeX Font Info:    Trying to load font information for U+rsfs on input line 110.
 (/usr/local/texlive/2024/texmf-dist/tex/latex/jknapltx/ursfs.fd
File: ursfs.fd 1998/03/24 rsfs font definition file (jk)
)
LaTeX Font Info:    Trying to load font information for U+msa on input line 110.
 (/usr/local/texlive/2024/texmf-dist/tex/latex/amsfonts/umsa.fd
File: umsa.fd 2013/01/14 v3.01 AMS symbols A
)
LaTeX Font Info:    Trying to load font information for U+msb on input line 110.
 (/usr/local/texlive/2024/texmf-dist/tex/latex/amsfonts/umsb.fd
File: umsb.fd 2013/01/14 v3.01 AMS symbols B
)
LaTeX Font Info:    Trying to load font information for U+esint on input line 110.
 (/usr/local/texlive/2024/texmf-dist/tex/latex/esint/uesint.fd
File: uesint.fd 
) [2{/usr/local/texlive/2024/texmf-dist/fonts/enc/dvips/cm-super/cm-super-ts1.enc} <../ell715_assg4/01/Push/Test001/LSB/LSB2.png> <../results_prev/silhouettes/01/Push/Test001/Silhouette_001.png (PNG copy)> <../ell715_assg4/01/UCDO/Test001/LSB/LSB2.png> <../results_prev/silhouettes/01/UCDO/Test001/Silhouette_001.png (PNG copy)>]
Underfull \hbox (badness 10000) in paragraph at lines 189--191

 []

[3]
<../results_prev/silhouettes/02/Compass/Test001/Silhouette_001.png, id=75, 513.92pt x 425.59pt>
File: ../results_prev/silhouettes/02/Compass/Test001/Silhouette_001.png Graphic file (type png)
<use ../results_prev/silhouettes/02/Compass/Test001/Silhouette_001.png>
Package pdftex.def Info: ../results_prev/silhouettes/02/Compass/Test001/Silhouette_001.png  used on input line 235.
(pdftex.def)             Requested size: 93.94957pt x 77.79778pt.
<../results_prev/sub_silhouettes/02/Compass/Test001/sub1/frame_001.png, id=76, 513.92pt x 425.59pt>
File: ../results_prev/sub_silhouettes/02/Compass/Test001/sub1/frame_001.png Graphic file (type png)
<use ../results_prev/sub_silhouettes/02/Compass/Test001/sub1/frame_001.png>
Package pdftex.def Info: ../results_prev/sub_silhouettes/02/Compass/Test001/sub1/frame_001.png  used on input line 245.
(pdftex.def)             Requested size: 93.94957pt x 77.79778pt.
<../results_prev/sub_silhouettes/02/Compass/Test001/sub2/frame_001.png, id=77, 513.92pt x 425.59pt>
File: ../results_prev/sub_silhouettes/02/Compass/Test001/sub2/frame_001.png Graphic file (type png)
<use ../results_prev/sub_silhouettes/02/Compass/Test001/sub2/frame_001.png>
Package pdftex.def Info: ../results_prev/sub_silhouettes/02/Compass/Test001/sub2/frame_001.png  used on input line 255.
(pdftex.def)             Requested size: 93.94957pt x 77.79778pt.
<../results_prev/sub_silhouettes/02/Compass/Test001/sub3/frame_001.png, id=78, 513.92pt x 425.59pt>
File: ../results_prev/sub_silhouettes/02/Compass/Test001/sub3/frame_001.png Graphic file (type png)
<use ../results_prev/sub_silhouettes/02/Compass/Test001/sub3/frame_001.png>
Package pdftex.def Info: ../results_prev/sub_silhouettes/02/Compass/Test001/sub3/frame_001.png  used on input line 265.
(pdftex.def)             Requested size: 93.94957pt x 77.79778pt.
<../results_prev/silhouettes/02/Piano/Test001/Silhouette_001.png, id=79, 513.92pt x 425.59pt>
File: ../results_prev/silhouettes/02/Piano/Test001/Silhouette_001.png Graphic file (type png)
<use ../results_prev/silhouettes/02/Piano/Test001/Silhouette_001.png>
Package pdftex.def Info: ../results_prev/silhouettes/02/Piano/Test001/Silhouette_001.png  used on input line 281.
(pdftex.def)             Requested size: 93.94957pt x 77.79778pt.
<../results_prev/sub_silhouettes/02/Piano/Test001/sub1/frame_001.png, id=80, 513.92pt x 425.59pt>
File: ../results_prev/sub_silhouettes/02/Piano/Test001/sub1/frame_001.png Graphic file (type png)
<use ../results_prev/sub_silhouettes/02/Piano/Test001/sub1/frame_001.png>
Package pdftex.def Info: ../results_prev/sub_silhouettes/02/Piano/Test001/sub1/frame_001.png  used on input line 291.
(pdftex.def)             Requested size: 93.94957pt x 77.79778pt.
<../results_prev/sub_silhouettes/02/Piano/Test001/sub2/frame_001.png, id=81, 513.92pt x 425.59pt>
File: ../results_prev/sub_silhouettes/02/Piano/Test001/sub2/frame_001.png Graphic file (type png)
<use ../results_prev/sub_silhouettes/02/Piano/Test001/sub2/frame_001.png>
Package pdftex.def Info: ../results_prev/sub_silhouettes/02/Piano/Test001/sub2/frame_001.png  used on input line 301.
(pdftex.def)             Requested size: 93.94957pt x 77.79778pt.
<../results_prev/sub_silhouettes/02/Piano/Test001/sub3/frame_001.png, id=82, 513.92pt x 425.59pt>
File: ../results_prev/sub_silhouettes/02/Piano/Test001/sub3/frame_001.png Graphic file (type png)
<use ../results_prev/sub_silhouettes/02/Piano/Test001/sub3/frame_001.png>
Package pdftex.def Info: ../results_prev/sub_silhouettes/02/Piano/Test001/sub3/frame_001.png  used on input line 311.
(pdftex.def)             Requested size: 93.94957pt x 77.79778pt.
 [4 <../results_prev/silhouettes/02/Compass/Test001/Silhouette_001.png (PNG copy)> <../results_prev/sub_silhouettes/02/Compass/Test001/sub1/frame_001.png (PNG copy)> <../results_prev/sub_silhouettes/02/Compass/Test001/sub2/frame_001.png (PNG copy)> <../results_prev/sub_silhouettes/02/Compass/Test001/sub3/frame_001.png (PNG copy)>]
<../results_prev/silhouettes/02/Push/Test001/Silhouette_001.png, id=90, 513.92pt x 425.59pt>
File: ../results_prev/silhouettes/02/Push/Test001/Silhouette_001.png Graphic file (type png)
<use ../results_prev/silhouettes/02/Push/Test001/Silhouette_001.png>
Package pdftex.def Info: ../results_prev/silhouettes/02/Push/Test001/Silhouette_001.png  used on input line 328.
(pdftex.def)             Requested size: 93.94957pt x 77.79778pt.
<../results_prev/sub_silhouettes/02/Push/Test001/sub1/frame_001.png, id=91, 513.92pt x 425.59pt>
File: ../results_prev/sub_silhouettes/02/Push/Test001/sub1/frame_001.png Graphic file (type png)
<use ../results_prev/sub_silhouettes/02/Push/Test001/sub1/frame_001.png>
Package pdftex.def Info: ../results_prev/sub_silhouettes/02/Push/Test001/sub1/frame_001.png  used on input line 338.
(pdftex.def)             Requested size: 93.94957pt x 77.79778pt.
<../results_prev/sub_silhouettes/02/Push/Test001/sub2/frame_001.png, id=92, 513.92pt x 425.59pt>
File: ../results_prev/sub_silhouettes/02/Push/Test001/sub2/frame_001.png Graphic file (type png)
<use ../results_prev/sub_silhouettes/02/Push/Test001/sub2/frame_001.png>
Package pdftex.def Info: ../results_prev/sub_silhouettes/02/Push/Test001/sub2/frame_001.png  used on input line 348.
(pdftex.def)             Requested size: 93.94957pt x 77.79778pt.
<../results_prev/sub_silhouettes/02/Push/Test001/sub3/frame_001.png, id=93, 513.92pt x 425.59pt>
File: ../results_prev/sub_silhouettes/02/Push/Test001/sub3/frame_001.png Graphic file (type png)
<use ../results_prev/sub_silhouettes/02/Push/Test001/sub3/frame_001.png>
Package pdftex.def Info: ../results_prev/sub_silhouettes/02/Push/Test001/sub3/frame_001.png  used on input line 358.
(pdftex.def)             Requested size: 93.94957pt x 77.79778pt.
<../results_prev/silhouettes/02/UCDO/Test001/Silhouette_001.png, id=94, 513.92pt x 425.59pt>
File: ../results_prev/silhouettes/02/UCDO/Test001/Silhouette_001.png Graphic file (type png)
<use ../results_prev/silhouettes/02/UCDO/Test001/Silhouette_001.png>
Package pdftex.def Info: ../results_prev/silhouettes/02/UCDO/Test001/Silhouette_001.png  used on input line 373.
(pdftex.def)             Requested size: 93.94957pt x 77.79778pt.
<../results_prev/sub_silhouettes/02/UCDO/Test001/sub1/frame_001.png, id=95, 513.92pt x 425.59pt>
File: ../results_prev/sub_silhouettes/02/UCDO/Test001/sub1/frame_001.png Graphic file (type png)
<use ../results_prev/sub_silhouettes/02/UCDO/Test001/sub1/frame_001.png>
Package pdftex.def Info: ../results_prev/sub_silhouettes/02/UCDO/Test001/sub1/frame_001.png  used on input line 383.
(pdftex.def)             Requested size: 93.94957pt x 77.79778pt.
<../results_prev/sub_silhouettes/02/UCDO/Test001/sub2/frame_001.png, id=96, 513.92pt x 425.59pt>
File: ../results_prev/sub_silhouettes/02/UCDO/Test001/sub2/frame_001.png Graphic file (type png)
<use ../results_prev/sub_silhouettes/02/UCDO/Test001/sub2/frame_001.png>
Package pdftex.def Info: ../results_prev/sub_silhouettes/02/UCDO/Test001/sub2/frame_001.png  used on input line 393.
(pdftex.def)             Requested size: 93.94957pt x 77.79778pt.
<../results_prev/sub_silhouettes/02/UCDO/Test001/sub3/frame_001.png, id=97, 513.92pt x 425.59pt>
File: ../results_prev/sub_silhouettes/02/UCDO/Test001/sub3/frame_001.png Graphic file (type png)
<use ../results_prev/sub_silhouettes/02/UCDO/Test001/sub3/frame_001.png>
Package pdftex.def Info: ../results_prev/sub_silhouettes/02/UCDO/Test001/sub3/frame_001.png  used on input line 403.
(pdftex.def)             Requested size: 93.94957pt x 77.79778pt.

Underfull \hbox (badness 10000) in paragraph at lines 413--414

 []

<../results/Baseline/Compass_hist.png, id=98, 433.62pt x 289.08pt>
File: ../results/Baseline/Compass_hist.png Graphic file (type png)
<use ../results/Baseline/Compass_hist.png>
Package pdftex.def Info: ../results/Baseline/Compass_hist.png  used on input line 435.
(pdftex.def)             Requested size: 140.92793pt x 93.94987pt.
<../results/TemporalHierarchy/Compass_hist.png, id=99, 433.62pt x 289.08pt>
File: ../results/TemporalHierarchy/Compass_hist.png Graphic file (type png)
<use ../results/TemporalHierarchy/Compass_hist.png>
Package pdftex.def Info: ../results/TemporalHierarchy/Compass_hist.png  used on input line 442.
(pdftex.def)             Requested size: 140.92793pt x 93.94987pt.
<../results/AdditionalTunnels/Compass_hist.png, id=100, 433.62pt x 289.08pt>
File: ../results/AdditionalTunnels/Compass_hist.png Graphic file (type png)
<use ../results/AdditionalTunnels/Compass_hist.png>
Package pdftex.def Info: ../results/AdditionalTunnels/Compass_hist.png  used on input line 449.
(pdftex.def)             Requested size: 140.92793pt x 93.94987pt.
[5 <../results_prev/silhouettes/02/Piano/Test001/Silhouette_001.png (PNG copy)> <../results_prev/sub_silhouettes/02/Piano/Test001/sub1/frame_001.png (PNG copy)> <../results_prev/sub_silhouettes/02/Piano/Test001/sub2/frame_001.png (PNG copy)> <../results_prev/sub_silhouettes/02/Piano/Test001/sub3/frame_001.png (PNG copy)> <../results_prev/silhouettes/02/Push/Test001/Silhouette_001.png (PNG copy)> <../results_prev/sub_silhouettes/02/Push/Test001/sub1/frame_001.png (PNG copy)> <../results_prev/sub_silhouettes/02/Push/Test001/sub2/frame_001.png (PNG copy)> <../results_prev/sub_silhouettes/02/Push/Test001/sub3/frame_001.png (PNG copy)> <../results_prev/silhouettes/02/UCDO/Test001/Silhouette_001.png (PNG copy)> <../results_prev/sub_silhouettes/02/UCDO/Test001/sub1/frame_001.png (PNG copy)> <../results_prev/sub_silhouettes/02/UCDO/Test001/sub2/frame_001.png (PNG copy)> <../results_prev/sub_silhouettes/02/UCDO/Test001/sub3/frame_001.png (PNG copy)>]
<../results/Baseline/Piano_hist.png, id=108, 433.62pt x 289.08pt>
File: ../results/Baseline/Piano_hist.png Graphic file (type png)
<use ../results/Baseline/Piano_hist.png>
Package pdftex.def Info: ../results/Baseline/Piano_hist.png  used on input line 464.
(pdftex.def)             Requested size: 140.92793pt x 93.94987pt.
<../results/TemporalHierarchy/Piano_hist.png, id=109, 433.62pt x 289.08pt>
File: ../results/TemporalHierarchy/Piano_hist.png Graphic file (type png)
<use ../results/TemporalHierarchy/Piano_hist.png>
Package pdftex.def Info: ../results/TemporalHierarchy/Piano_hist.png  used on input line 471.
(pdftex.def)             Requested size: 140.92793pt x 93.94987pt.
<../results/AdditionalTunnels/Piano_hist.png, id=110, 433.62pt x 289.08pt>
File: ../results/AdditionalTunnels/Piano_hist.png Graphic file (type png)
<use ../results/AdditionalTunnels/Piano_hist.png>
Package pdftex.def Info: ../results/AdditionalTunnels/Piano_hist.png  used on input line 478.
(pdftex.def)             Requested size: 140.92793pt x 93.94987pt.
<../results/Baseline/Push_hist.png, id=111, 433.62pt x 289.08pt>
File: ../results/Baseline/Push_hist.png Graphic file (type png)
<use ../results/Baseline/Push_hist.png>
Package pdftex.def Info: ../results/Baseline/Push_hist.png  used on input line 491.
(pdftex.def)             Requested size: 140.92793pt x 93.94987pt.
<../results/TemporalHierarchy/Push_hist.png, id=112, 433.62pt x 289.08pt>
File: ../results/TemporalHierarchy/Push_hist.png Graphic file (type png)
<use ../results/TemporalHierarchy/Push_hist.png>
Package pdftex.def Info: ../results/TemporalHierarchy/Push_hist.png  used on input line 498.
(pdftex.def)             Requested size: 140.92793pt x 93.94987pt.
<../results/AdditionalTunnels/Push_hist.png, id=113, 433.62pt x 289.08pt>
File: ../results/AdditionalTunnels/Push_hist.png Graphic file (type png)
<use ../results/AdditionalTunnels/Push_hist.png>
Package pdftex.def Info: ../results/AdditionalTunnels/Push_hist.png  used on input line 505.
(pdftex.def)             Requested size: 140.92793pt x 93.94987pt.
<../results/Baseline/UCDO_hist.png, id=114, 433.62pt x 289.08pt>
File: ../results/Baseline/UCDO_hist.png Graphic file (type png)
<use ../results/Baseline/UCDO_hist.png>
Package pdftex.def Info: ../results/Baseline/UCDO_hist.png  used on input line 518.
(pdftex.def)             Requested size: 140.92793pt x 93.94987pt.
<../results/TemporalHierarchy/UCDO_hist.png, id=115, 433.62pt x 289.08pt>
File: ../results/TemporalHierarchy/UCDO_hist.png Graphic file (type png)
<use ../results/TemporalHierarchy/UCDO_hist.png>
Package pdftex.def Info: ../results/TemporalHierarchy/UCDO_hist.png  used on input line 525.
(pdftex.def)             Requested size: 140.92793pt x 93.94987pt.
<../results/AdditionalTunnels/UCDO_hist.png, id=116, 433.62pt x 289.08pt>
File: ../results/AdditionalTunnels/UCDO_hist.png Graphic file (type png)
<use ../results/AdditionalTunnels/UCDO_hist.png>
Package pdftex.def Info: ../results/AdditionalTunnels/UCDO_hist.png  used on input line 532.
(pdftex.def)             Requested size: 140.92793pt x 93.94987pt.
 [6 <../results/Baseline/Compass_hist.png> <../results/TemporalHierarchy/Compass_hist.png> <../results/AdditionalTunnels/Compass_hist.png> <../results/Baseline/Piano_hist.png> <../results/TemporalHierarchy/Piano_hist.png> <../results/AdditionalTunnels/Piano_hist.png> <../results/Baseline/Push_hist.png> <../results/TemporalHierarchy/Push_hist.png> <../results/AdditionalTunnels/Push_hist.png> <../results/Baseline/UCDO_hist.png> <../results/TemporalHierarchy/UCDO_hist.png> <../results/AdditionalTunnels/UCDO_hist.png>] (./main.bbl

Package natbib Warning: Empty `thebibliography' environment on input line 3.

) [7] (./main.aux)
 ***********
LaTeX2e <2023-11-01> patch level 1
L3 programming layer <2024-02-20>
 ***********
Package rerunfilecheck Info: File `main.out' has not changed.
(rerunfilecheck)             Checksum: 61AEF655E75FE3B2C5661932BAF4ED76;1194.
 ) 
Here is how much of TeX's memory you used:
 30443 strings out of 474116
 608355 string characters out of 5743681
 1940187 words of memory out of 5000000
 52283 multiletter control sequences out of 15000+600000
 568007 words of font info for 75 fonts, out of 8000000 for 9000
 1141 hyphenation exceptions out of 8191
 106i,8n,110p,622b,591s stack positions out of 10000i,1000n,20000p,200000b,200000s
</usr/local/texlive/2024/texmf-dist/fonts/type1/public/amsfonts/cm/cmbx10.pfb></usr/local/texlive/2024/texmf-dist/fonts/type1/public/amsfonts/cm/cmbx12.pfb></usr/local/texlive/2024/texmf-dist/fonts/type1/public/amsfonts/cm/cmbx9.pfb></usr/local/texlive/2024/texmf-dist/fonts/type1/public/amsfonts/cm/cmex10.pfb></usr/local/texlive/2024/texmf-dist/fonts/type1/public/amsfonts/cm/cmmi10.pfb></usr/local/texlive/2024/texmf-dist/fonts/type1/public/amsfonts/cm/cmmi6.pfb></usr/local/texlive/2024/texmf-dist/fonts/type1/public/amsfonts/cm/cmmi8.pfb></usr/local/texlive/2024/texmf-dist/fonts/type1/public/amsfonts/cm/cmr10.pfb></usr/local/texlive/2024/texmf-dist/fonts/type1/public/amsfonts/cm/cmr8.pfb></usr/local/texlive/2024/texmf-dist/fonts/type1/public/amsfonts/cm/cmr9.pfb></usr/local/texlive/2024/texmf-dist/fonts/type1/public/amsfonts/cm/cmssbx10.pfb></usr/local/texlive/2024/texmf-dist/fonts/type1/public/amsfonts/cm/cmsy10.pfb></usr/local/texlive/2024/texmf-dist/fonts/type1/public/amsfonts/cm/cmsy8.pfb></usr/local/texlive/2024/texmf-dist/fonts/type1/public/amsfonts/symbols/msbm10.pfb></usr/local/texlive/2024/texmf-dist/fonts/type1/public/cm-super/sfrm1095.pfb>
Output written on main.pdf (7 pages, 1170955 bytes).
PDF statistics:
 216 PDF objects out of 1000 (max. 8388607)
 123 compressed objects within 2 object streams
 28 named destinations out of 1000 (max. 500000)
 241 words of extra memory for PDF output out of 10000 (max. 10000000)

